\BOOKMARK [1][-]{section.1}{\376\377\121\254\213\255\166\356\150\007}{}% 1
\BOOKMARK [1][-]{section.2}{\376\377\121\254\213\255\121\205\133\271}{}% 2
\BOOKMARK [2][-]{subsection.2.1}{\376\377\121\254\213\255\145\345\172\013\133\211\143\222}{section.2}% 3
\BOOKMARK [2][-]{subsection.2.2}{\376\377\116\224\126\333\213\255\176\303}{section.2}% 4
\BOOKMARK [2][-]{subsection.2.3}{\376\377\155\167\155\300\121\154\126\355\176\325\127\010\213\255\176\303}{section.2}% 5
\BOOKMARK [2][-]{subsection.2.4}{\376\377\142\311\176\303}{section.2}% 6
\BOOKMARK [2][-]{subsection.2.5}{\376\377\213\262\136\247}{section.2}% 7
\BOOKMARK [2][-]{subsection.2.6}{\376\377\117\123\155\113}{section.2}% 8
\BOOKMARK [1][-]{section.3}{\376\377\220\032\217\307\121\254\213\255\166\204\150\007\121\306}{}% 9
\BOOKMARK [2][-]{subsection.3.1}{\376\377\121\254\213\255\171\357\122\006\150\007\121\306}{section.3}% 10
\BOOKMARK [2][-]{subsection.3.2}{\376\377\121\254\213\255\220\032\217\307\150\007\121\306}{section.3}% 11
\BOOKMARK [2][-]{subsection.3.3}{\376\377\200\003\122\344\116\222\142\265}{section.3}% 12
\BOOKMARK [2][-]{subsection.3.4}{\376\377\116\076\117\213}{section.3}% 13
\BOOKMARK [1][-]{section.4}{\376\377\121\166\116\326\227\000\211\201\213\364\146\016\166\204\116\213\230\171}{}% 14
\BOOKMARK [2][-]{subsection.4.1}{\376\377\121\163\116\216\121\254\156\070}{section.4}% 15
\BOOKMARK [2][-]{subsection.4.2}{\376\377\121\163\116\216\121\254\213\255\124\214\146\221\147\037\166\204\121\163\174\373}{section.4}% 16
\BOOKMARK [1][-]{appendix.A}{\376\377\121\254\213\255\142\311\176\303\166\356\166\204\127\060\173\200\116\313}{}% 17
\BOOKMARK [2][-]{subsection.A.1}{\376\377\131\047\217\320\154\263}{appendix.A}% 18
\BOOKMARK [2][-]{subsection.A.2}{\376\377\123\101\116\011\226\165\154\064\136\223}{appendix.A}% 19
\BOOKMARK [2][-]{subsection.A.3}{\376\377\167\363\202\261\155\036}{appendix.A}% 20
\BOOKMARK [2][-]{subsection.A.4}{\376\377\157\155\147\330\133\372}{appendix.A}% 21
