\BOOKMARK [1][-]{section.1}{\376\377\146\045\213\255\166\356\150\007}{}% 1
\BOOKMARK [1][-]{section.2}{\376\377\146\045\213\255\121\205\133\271}{}% 2
\BOOKMARK [2][-]{subsection.2.1}{\376\377\146\045\213\255\145\345\172\013\133\211\143\222}{section.2}% 3
\BOOKMARK [2][-]{subsection.2.2}{\376\377\116\224\126\333\213\255\176\303}{section.2}% 4
\BOOKMARK [2][-]{subsection.2.3}{\376\377\155\167\155\300\121\154\126\355\176\325\127\010\213\255\176\303}{section.2}% 5
\BOOKMARK [2][-]{subsection.2.4}{\376\377\142\311\176\303}{section.2}% 6
\BOOKMARK [3][-]{subsubsection.2.4.1}{\376\377\123\125\145\345\142\311\176\303}{subsection.2.4}% 7
\BOOKMARK [3][-]{subsubsection.2.4.2}{\376\377\172\336\142\200\124\021\142\311\176\303}{subsection.2.4}% 8
\BOOKMARK [3][-]{subsubsection.2.4.3}{\376\377\123\314\145\345\142\311\176\303}{subsection.2.4}% 9
\BOOKMARK [3][-]{subsubsection.2.4.4}{\376\377\172\177\215\212\142\311\176\303}{subsection.2.4}% 10
\BOOKMARK [3][-]{subsubsection.2.4.5}{\376\377\154\350\141\017\116\213\230\171}{subsection.2.4}% 11
\BOOKMARK [2][-]{subsection.2.5}{\376\377\213\262\136\247}{section.2}% 12
\BOOKMARK [2][-]{subsection.2.6}{\376\377\117\123\155\113}{section.2}% 13
\BOOKMARK [3][-]{subsubsection.2.6.1}{\376\377\215\321\153\145\117\123\155\113}{subsection.2.6}% 14
\BOOKMARK [3][-]{subsubsection.2.6.2}{\376\377\136\163\215\357\117\123\155\113}{subsection.2.6}% 15
\BOOKMARK [3][-]{subsubsection.2.6.3}{\376\377\162\054\127\141\117\123\155\113}{subsection.2.6}% 16
\BOOKMARK [1][-]{section.3}{\376\377\220\032\217\307\146\045\213\255\166\204\150\007\121\306}{}% 17
\BOOKMARK [2][-]{subsection.3.1}{\376\377\200\003\122\344\116\222\142\265}{section.3}% 18
\BOOKMARK [2][-]{subsection.3.2}{\376\377\146\045\213\255\220\032\217\307\150\007\121\306}{section.3}% 19
\BOOKMARK [1][-]{section.4}{\376\377\121\163\116\216\146\221\147\037\217\334\137\201}{}% 20
